// Jest Snapshot v1, https://goo.gl/fbAQLP

exports[`Client executeTask should call handler with task and taskService 1`] = `
Array [
  Object {},
  Object {
    "engineService": EngineService {
      "baseUrl": "http://localhost:XXXX/engine-rest",
      "complete": [Function],
      "fetchAndLock": [Function],
      "get": [Function],
      "handleFailure": [Function],
      "interceptors": undefined,
      "lock": [Function],
      "post": [Function],
      "request": [Function],
      "workerId": "foobarId",
    },
    "processInstanceId": undefined,
    "readOnly": true,
  },
]
`;

exports[`Client subscribe should call the API with the custom configs 1`] = `
Array [
  Object {
    "maxTasks": 3,
    "topics": Array [
      Object {
        "localVariables": true,
        "lockDuration": 3000,
        "processDefinitionId": "processId",
        "processDefinitionIdIn": Array [
          "processId",
          "processId2",
        ],
        "processDefinitionKey": "processKey",
        "processDefinitionKeyIn": Array [
          "processKey",
          "processKey2",
        ],
        "processDefinitionVersionTag": "versionTag",
        "tenantIdIn": Array [
          "tenantId",
        ],
        "topicName": "foo",
        "variables": Array [
          "fooVariable",
          "barVariable",
        ],
        "withoutTenantId": true,
      },
    ],
    "usePriority": true,
  },
]
`;
